// Jest Snapshot v1, https://goo.gl/fbAQLP

exports[`Link component link rendered correctly 1`] = `
<label
  className="css-1gpyte2"
  onClick={[Function]}
>
  Snapshot!
</label>
`;
